
> leaply-admin-fe@0.1.0 build
> next build

   ▲ Next.js 15.5.9

   Creating an optimized production build ...
[Error: Can't resolve 'tailwindcss-animate' in '/home/keishi/Code/Leaply/Leaply-Admin/leaply-admin-fe/app'] {
  details: "resolve 'tailwindcss-animate' in '/home/keishi/Code/Leaply/Leaply-Admin/leaply-admin-fe/app'\n" +
    '  Parsed request is a module\n' +
    '  using description file: /home/keishi/Code/Leaply/Leaply-Admin/leaply-admin-fe/package.json (relative path: ./app)\n' +
    '    resolve as module\n' +
    "      /home/keishi/Code/Leaply/Leaply-Admin/leaply-admin-fe/app/node_modules doesn't exist or is not a directory\n" +
    '      looking for modules in /home/keishi/Code/Leaply/Leaply-Admin/leaply-admin-fe/node_modules\n' +
    '        single file module\n' +
    '          using description file: /home/keishi/Code/Leaply/Leaply-Admin/leaply-admin-fe/package.json (relative path: ./node_modules/tailwindcss-animate)\n' +
    '            no extension\n' +
    "              /home/keishi/Code/Leaply/Leaply-Admin/leaply-admin-fe/node_modules/tailwindcss-animate doesn't exist\n" +
    '            .js\n' +
    "              /home/keishi/Code/Leaply/Leaply-Admin/leaply-admin-fe/node_modules/tailwindcss-animate.js doesn't exist\n" +
    '            .json\n' +
    "              /home/keishi/Code/Leaply/Leaply-Admin/leaply-admin-fe/node_modules/tailwindcss-animate.json doesn't exist\n" +
    '            .node\n' +
    "              /home/keishi/Code/Leaply/Leaply-Admin/leaply-admin-fe/node_modules/tailwindcss-animate.node doesn't exist\n" +
    '            .ts\n' +
    "              /home/keishi/Code/Leaply/Leaply-Admin/leaply-admin-fe/node_modules/tailwindcss-animate.ts doesn't exist\n" +
    "        /home/keishi/Code/Leaply/Leaply-Admin/leaply-admin-fe/node_modules/tailwindcss-animate doesn't exist\n" +
    "      /home/keishi/Code/Leaply/Leaply-Admin/node_modules doesn't exist or is not a directory\n" +
    "      /home/keishi/Code/Leaply/node_modules doesn't exist or is not a directory\n" +
    "      /home/keishi/Code/node_modules doesn't exist or is not a directory\n" +
    "      /home/keishi/node_modules doesn't exist or is not a directory\n" +
    "      /home/node_modules doesn't exist or is not a directory\n" +
    "      /node_modules doesn't exist or is not a directory"
}
<w> [webpack.cache.PackFileCacheStrategy] Skipped not serializable cache item 'Compilation/modules|/home/keishi/Code/Leaply/Leaply-Admin/leaply-admin-fe/node_modules/next/dist/build/webpack/loaders/css-loader/src/index.js??ruleSet[1].rules[14].oneOf[10].use[2]!/home/keishi/Code/Leaply/Leaply-Admin/leaply-admin-fe/node_modules/next/dist/build/webpack/loaders/postcss-loader/src/index.js??ruleSet[1].rules[14].oneOf[10].use[3]!/home/keishi/Code/Leaply/Leaply-Admin/leaply-admin-fe/app/globals.css': No serializer registered for PostCSSSyntaxError
<w> while serializing webpack/lib/cache/PackFileCacheStrategy.PackContentItems -> webpack/lib/NormalModule -> webpack/lib/ModuleBuildError -> PostCSSSyntaxError
Failed to compile.

./app/globals.css:1:1
Syntax error: tailwindcss: /home/keishi/Code/Leaply/Leaply-Admin/leaply-admin-fe/app/globals.css Can't resolve 'tailwindcss-animate' in '/home/keishi/Code/Leaply/Leaply-Admin/leaply-admin-fe/app'

> 1 | @import "tailwindcss";
    | ^
  2 | @plugin "tailwindcss-animate";
  3 |

./app/globals.css
Syntax error: tailwindcss: /home/keishi/Code/Leaply/Leaply-Admin/leaply-admin-fe/app/globals.css Can't resolve 'tailwindcss-animate' in '/home/keishi/Code/Leaply/Leaply-Admin/leaply-admin-fe/app' (1:1)

> 1 | @import "tailwindcss";
    | ^
  2 | @plugin "tailwindcss-animate";
  3 | 

    at tryRunOrWebpackError (/home/keishi/Code/Leaply/Leaply-Admin/leaply-admin-fe/node_modules/next/dist/compiled/webpack/bundle5.js:29:316119)
    at __webpack_require_module__ (/home/keishi/Code/Leaply/Leaply-Admin/leaply-admin-fe/node_modules/next/dist/compiled/webpack/bundle5.js:29:131532)
    at __nested_webpack_require_161494__ (/home/keishi/Code/Leaply/Leaply-Admin/leaply-admin-fe/node_modules/next/dist/compiled/webpack/bundle5.js:29:130967)
    at /home/keishi/Code/Leaply/Leaply-Admin/leaply-admin-fe/node_modules/next/dist/compiled/webpack/bundle5.js:29:131824
    at symbolIterator (/home/keishi/Code/Leaply/Leaply-Admin/leaply-admin-fe/node_modules/next/dist/compiled/neo-async/async.js:1:14444)
    at done (/home/keishi/Code/Leaply/Leaply-Admin/leaply-admin-fe/node_modules/next/dist/compiled/neo-async/async.js:1:14824)
    at Hook.eval [as callAsync] (eval at create (/home/keishi/Code/Leaply/Leaply-Admin/leaply-admin-fe/node_modules/next/dist/compiled/webpack/bundle5.js:14:9224), <anonymous>:15:1)
    at Hook.CALL_ASYNC_DELEGATE [as _callAsync] (/home/keishi/Code/Leaply/Leaply-Admin/leaply-admin-fe/node_modules/next/dist/compiled/webpack/bundle5.js:14:6378)
    at /home/keishi/Code/Leaply/Leaply-Admin/leaply-admin-fe/node_modules/next/dist/compiled/webpack/bundle5.js:29:130687
    at symbolIterator (/home/keishi/Code/Leaply/Leaply-Admin/leaply-admin-fe/node_modules/next/dist/compiled/neo-async/async.js:1:14402)
-- inner error --
Syntax error: tailwindcss: /home/keishi/Code/Leaply/Leaply-Admin/leaply-admin-fe/app/globals.css Can't resolve 'tailwindcss-animate' in '/home/keishi/Code/Leaply/Leaply-Admin/leaply-admin-fe/app' (1:1)

> 1 | @import "tailwindcss";
    | ^
  2 | @plugin "tailwindcss-animate";
  3 | 

    at Object.<anonymous> (/home/keishi/Code/Leaply/Leaply-Admin/leaply-admin-fe/node_modules/next/dist/build/webpack/loaders/css-loader/src/index.js??ruleSet[1].rules[14].oneOf[10].use[2]!/home/keishi/Code/Leaply/Leaply-Admin/leaply-admin-fe/node_modules/next/dist/build/webpack/loaders/postcss-loader/src/index.js??ruleSet[1].rules[14].oneOf[10].use[3]!/home/keishi/Code/Leaply/Leaply-Admin/leaply-admin-fe/app/globals.css:1:7)
    at /home/keishi/Code/Leaply/Leaply-Admin/leaply-admin-fe/node_modules/next/dist/compiled/webpack/bundle5.js:29:962717
    at Hook.eval [as call] (eval at create (/home/keishi/Code/Leaply/Leaply-Admin/leaply-admin-fe/node_modules/next/dist/compiled/webpack/bundle5.js:14:9002), <anonymous>:7:1)
    at Hook.CALL_DELEGATE [as _call] (/home/keishi/Code/Leaply/Leaply-Admin/leaply-admin-fe/node_modules/next/dist/compiled/webpack/bundle5.js:14:6272)
    at /home/keishi/Code/Leaply/Leaply-Admin/leaply-admin-fe/node_modules/next/dist/compiled/webpack/bundle5.js:29:131565
    at tryRunOrWebpackError (/home/keishi/Code/Leaply/Leaply-Admin/leaply-admin-fe/node_modules/next/dist/compiled/webpack/bundle5.js:29:316073)
    at __webpack_require_module__ (/home/keishi/Code/Leaply/Leaply-Admin/leaply-admin-fe/node_modules/next/dist/compiled/webpack/bundle5.js:29:131532)
    at __nested_webpack_require_161494__ (/home/keishi/Code/Leaply/Leaply-Admin/leaply-admin-fe/node_modules/next/dist/compiled/webpack/bundle5.js:29:130967)
    at /home/keishi/Code/Leaply/Leaply-Admin/leaply-admin-fe/node_modules/next/dist/compiled/webpack/bundle5.js:29:131824
    at symbolIterator (/home/keishi/Code/Leaply/Leaply-Admin/leaply-admin-fe/node_modules/next/dist/compiled/neo-async/async.js:1:14444)

Generated code for /home/keishi/Code/Leaply/Leaply-Admin/leaply-admin-fe/node_modules/next/dist/build/webpack/loaders/css-loader/src/index.js??ruleSet[1].rules[14].oneOf[10].use[2]!/home/keishi/Code/Leaply/Leaply-Admin/leaply-admin-fe/node_modules/next/dist/build/webpack/loaders/postcss-loader/src/index.js??ruleSet[1].rules[14].oneOf[10].use[3]!/home/keishi/Code/Leaply/Leaply-Admin/leaply-admin-fe/app/globals.css

Import trace for requested module:
./app/globals.css


> Build failed because of webpack errors
